Starting MySQL...
Starting MySQL setup...
Starting MySQL server...
Waiting for MySQL to start...
mysqld is alive
MySQL is ready!
Setting up database and fixing authentication...
Connection command saved to db_connection.txt
MySQL setup complete!
Database: myapp
Root user: root (password: dbuser123)
App user: appuser (password: dbuser123)
Port: 5000

Environment variables saved to db_visualizer/mysql.env
To use with Node.js viewer, run: source db_visualizer/mysql.env
To connect to the database, use the following command:
mysql -u appuser -pdbuser123 -h localhost -P 5000 myapp

MySQL is running in the background.
You can now start your application.
npm warn deprecated inflight@1.0.6: This module is not supported, and leaks memory. Do not use it. Check out lru-cache if you want a good and tested way to coalesce async requests by a key value, which is much more comprehensive and powerful.
npm warn deprecated rimraf@3.0.2: Rimraf versions prior to v4 are no longer supported
npm warn deprecated glob@7.2.3: Glob versions prior to v9 are no longer supported
npm warn deprecated are-we-there-yet@3.0.1: This package is no longer supported.
npm warn deprecated @npmcli/move-file@1.1.2: This functionality has been moved to @npmcli/fs
npm warn deprecated npmlog@6.0.2: This package is no longer supported.
npm warn deprecated gauge@4.0.4: This package is no longer supported.

added 257 packages, and audited 258 packages in 7s

30 packages are looking for funding
  run `npm fund` for details

found 0 vulnerabilities
MySQL is starting on port 5000...
